  3oqnyE-86gI-ZcF4-or87-Jt1j-6DdQ-hcGUyl|0574c3f6-3d44-4cc7-98e3-6d90626dd95f|f9e55e18-67c4-4377-8e39-5833ca422bef|-wi-----|2147483648|0|/dev/mapper/1Dafna-rhevm11333889(195)|MD_17,IU_ae863f0d-0f24-41d4-b6ed-333c6634c7dc
  c6fE1p-7Uwi-tnPA-CZjt-uxwg-j5aK-bWbs34|0641b528-c72c-45ed-94bc-7090085a0d4b|f9e55e18-67c4-4377-8e39-5833ca422bef|-wi-----|2147483648|0|/dev/mapper/1Dafna-rhevm11333889(259)|PU_00000000-0000-0000-0000-000000000000,MD_21
  ju1mna-9CU4-QwEH-lC74-fOM1-bq2w-rMhTAx|128f0b4a-2ed0-4ea1-84a5-105c6721f4b7|f9e55e18-67c4-4377-8e39-5833ca422bef|-wi-----|2147483648|0|/dev/mapper/1Dafna-rhevm11333889(211)|MD_24,PU_00000000-0000-0000-0000-000000000000,IU_8e6eef9f-457b-4145-ace7-19d35938a80b
